AR aufgabe1 struktur C:/Users/ds-user/KDS/source/aufgabe1.vhd sub00/vhpl03 1523514604
EN aufgabe1 NULL C:/Users/ds-user/KDS/source/aufgabe1.vhd sub00/vhpl02 1523514603
EN hex4x7seg NULL C:/Users/ds-user/KDS/source/hex4x7seg.vhd sub00/vhpl00 1523514601
AR hex4x7seg struktur C:/Users/ds-user/KDS/source/hex4x7seg.vhd sub00/vhpl01 1523514602
