EN ram_block NULL C:/Users/ds-user/KDS/source3/ram_block.vhd sub00/vhpl08 1528361359
AR core structure C:/Users/ds-user/KDS/source3/core.vhd sub00/vhpl03 1528361366
AR sync_module struktur C:/Users/ds-user/KDS/source2/sync_module.vhd sub00/vhpl01 1528361364
EN sync_buffer NULL C:/Users/ds-user/KDS/source2/sync_buffer.vhd sub00/vhpl10 1528361361
AR aufgabe3 structure C:/Users/ds-user/KDS/source3/aufgabe3.vhd sub00/vhpl07 1528361370
EN aufgabe3 NULL C:/Users/ds-user/KDS/source3/aufgabe3.vhd sub00/vhpl06 1528361369
EN hex4x7seg NULL C:/Users/ds-user/KDS/source/hex4x7seg.vhd sub00/vhpl04 1528361367
AR hex4x7seg struktur C:/Users/ds-user/KDS/source/hex4x7seg.vhd sub00/vhpl05 1528361368
AR sync_buffer struktur C:/Users/ds-user/KDS/source2/sync_buffer.vhd sub00/vhpl11 1528361362
AR ram_block low_level_definition C:/Users/ds-user/KDS/source3/ram_block.vhd sub00/vhpl09 1528361360
EN sync_module NULL C:/Users/ds-user/KDS/source2/sync_module.vhd sub00/vhpl00 1528361363
EN core NULL C:/Users/ds-user/KDS/source3/core.vhd sub00/vhpl02 1528361365
